v1.62.1-noble: Pulling from playwright
ca2678b20700: Pulling fs layer
43f9c849a2a2: Pulling fs layer
dad65d3622fa: Pulling fs layer
00d16ab601f6: Pulling fs layer
4d796d6a8178: Pulling fs layer
64112f4c67a2: Pulling fs layer
782c0a3f363f: Pulling fs layer
00d16ab601f6: Waiting
4d796d6a8178: Waiting
64112f4c67a2: Waiting
782c0a3f363f: Waiting
dad65d3622fa: Verifying Checksum
dad65d3622fa: Download complete
ca2678b20700: Verifying Checksum
ca2678b20700: Download complete
ca2678b20700: Pull complete
43f9c849a2a2: Verifying Checksum
43f9c849a2a2: Download complete
43f9c849a2a2: Pull complete
dad65d3622fa: Pull complete
4d796d6a8178: Verifying Checksum
4d796d6a8178: Download complete
00d16ab601f6: Verifying Checksum
00d16ab601f6: Download complete
64112f4c67a2: Verifying Checksum
64112f4c67a2: Download complete
782c0a3f363f: Verifying Checksum
782c0a3f363f: Download complete
00d16ab601f6: Pull complete
4d796d6a8178: Pull complete
64112f4c67a2: Pull complete
782c0a3f363f: Pull complete
Digest: sha256:dcc5531e97840b9b5e794f2814476b21571c5124a3fca2267d73041f56e7580e
Status: Downloaded newer image for mcr.microsoft.com/playwright:v1.62.1-noble
mcr.microsoft.com/playwright:v1.62.1-noble
